Initialising private PostgreSQL cluster...
The files belonging to this database system will be owned by user "postgres".
This user must also own the server process.

The database cluster will be initialized with locale "C".
The default text search configuration will be set to "english".

Data page checksums are disabled.

fixing permissions on existing directory /var/lib/veritas/firmae/postgres/data ... ok
creating subdirectories ... ok
selecting dynamic shared memory implementation ... posix
selecting default max_connections ... 100
selecting default shared_buffers ... 128MB
selecting default time zone ... Etc/UTC
creating configuration files ... ok
running bootstrap script ... ok
performing post-bootstrap initialization ... ok
syncing data to disk ... ok

Success. You can now start the database server using:

    /usr/lib/postgresql/14/bin/pg_ctl -D /var/lib/veritas/firmae/postgres/data -l logfile start

Starting private PostgreSQL cluster...
waiting for server to start.... done
server started
CREATE ROLE
Importing pinned FirmAE database schema...
CREATE TABLE
ALTER TABLE
CREATE SEQUENCE
ALTER TABLE
ALTER SEQUENCE
CREATE TABLE
ALTER TABLE
CREATE SEQUENCE
ALTER TABLE
ALTER SEQUENCE
CREATE TABLE
ALTER TABLE
CREATE SEQUENCE
ALTER TABLE
ALTER SEQUENCE
CREATE TABLE
ALTER TABLE
CREATE SEQUENCE
ALTER TABLE
ALTER SEQUENCE
CREATE TABLE
ALTER TABLE
CREATE SEQUENCE
ALTER TABLE
ALTER SEQUENCE
ALTER TABLE
ALTER TABLE
ALTER TABLE
ALTER TABLE
ALTER TABLE
ALTER TABLE
ALTER TABLE
ALTER TABLE
ALTER TABLE
ALTER TABLE
ALTER TABLE
ALTER TABLE
ALTER TABLE
ALTER TABLE
ALTER TABLE
CREATE INDEX
CREATE INDEX
CREATE INDEX
CREATE INDEX
ALTER TABLE
ALTER TABLE
ALTER TABLE
ALTER TABLE
REVOKE
REVOKE
GRANT
REVOKE
REVOKE
GRANT
REVOKE
REVOKE
GRANT
REVOKE
REVOKE
GRANT
REVOKE
REVOKE
GRANT
REVOKE
REVOKE
GRANT
REVOKE
REVOKE
GRANT
REVOKE
REVOKE
GRANT
PostgreSQL is already running.
FirmAE database verification passed.
FirmAE database initialisation completed.
Stopping private PostgreSQL cluster...
waiting for server to shut down.... done
server stopped
